[backblue.gif]
[fade.gif]
[index.html]
[cdn.digitaldesa.com/uploads/profil/74.02.28.2012/common/16_konawekab.png]
[cdn.digitaldesa.com/uploads/marketplace/products/854e49fd49886e7732744099944364da.jpg]
[cdn.digitaldesa.com/statics/profil-v2/assets/ErrorSimple-CKLW1QS4.css]
[cdn.digitaldesa.com/statics/profil-v2/assets/root-DNBMDKXY.css]
[cdn.digitaldesa.com/statics/profil-v2/assets/route-e3ERdmUd.css]
[cdn.digitaldesa.com/statics/profil-v2/assets/route-DFuv47L8.css]
[cdn.digitaldesa.com/uploads/profil/74.02.28.2012/common/300_konawekab.png]
[cdn.digitaldesa.com/statics/profil-v2/accessibility.bundle.js]
[cdn.digitaldesa.com/statics/profil-v2/accessibility.config.js]
[cdn.digitaldesa.com/statics/profil-v2/assets/manifest-288abcb1.js]
[cdn.digitaldesa.com/statics/profil-v2/assets/entry.client-9dknW_qV.js]
[cdn.digitaldesa.com/statics/profil-v2/assets/jsx-runtime-ByGpHSPZ.js]
[cdn.digitaldesa.com/statics/profil-v2/assets/index-CMx3RsMM.js]
[cdn.digitaldesa.com/statics/profil-v2/assets/components-ClcO2DpB.js]
[cdn.digitaldesa.com/statics/profil-v2/assets/oauth-p09K5Q4v.js]
[cdn.digitaldesa.com/statics/profil-v2/assets/store-yifqSBJQ.js]
[cdn.digitaldesa.com/statics/profil-v2/assets/gql-f3x5Sumy.js]
[cdn.digitaldesa.com/statics/profil-v2/assets/utils-fBPkF14O.js]
[cdn.digitaldesa.com/statics/profil-v2/assets/factory-CAXpoK4s.js]
[cdn.digitaldesa.com/statics/profil-v2/assets/polymorphic-factory-CAua_8H1.js]
[cdn.digitaldesa.com/statics/profil-v2/assets/use-reduced-motion-yJY9mgkS.js]
[cdn.digitaldesa.com/statics/profil-v2/assets/Loader-CeYn_C2S.js]
[cdn.digitaldesa.com/statics/profil-v2/assets/Transition-DnEPvxi8.js]
[cdn.digitaldesa.com/statics/profil-v2/assets/UnstyledButton-DaEZdWNO.js]
[cdn.digitaldesa.com/statics/profil-v2/assets/Image-BUn1_Jtx.js]
[cdn.digitaldesa.com/statics/profil-v2/assets/Stack-GgW7hUua.js]
[cdn.digitaldesa.com/statics/profil-v2/assets/Title-BgiDuUci.js]
[cdn.digitaldesa.com/statics/profil-v2/assets/Text-BMjndcdF.js]
[cdn.digitaldesa.com/statics/profil-v2/assets/Group-CypKrXe0.js]
[cdn.digitaldesa.com/statics/profil-v2/assets/Button-OctjQO_e.js]
[cdn.digitaldesa.com/statics/profil-v2/assets/ErrorSimple-BPKDQex1.js]
[cdn.digitaldesa.com/statics/profil-v2/assets/Code-DrSHuPTR.js]
[cdn.digitaldesa.com/statics/profil-v2/assets/user-wLdQxZUP.js]
[cdn.digitaldesa.com/statics/profil-v2/assets/ErrorReport-7vhiF4rO.js]
[cdn.digitaldesa.com/statics/profil-v2/assets/metadata-BHaf7C0V.js]
[cdn.digitaldesa.com/statics/profil-v2/assets/px-CiO0pVtX.js]
[cdn.digitaldesa.com/statics/profil-v2/assets/get-contrast-color-D_mh5NMG.js]
[cdn.digitaldesa.com/statics/profil-v2/assets/use-isomorphic-effect-BGcWboEs.js]
[cdn.digitaldesa.com/statics/profil-v2/assets/Center-Dz67rf1T.js]
[cdn.digitaldesa.com/statics/profil-v2/assets/root-VcXBA4UV.js]
[cdn.digitaldesa.com/statics/profil-v2/assets/is-element-CI8e1h0p.js]
[cdn.digitaldesa.com/statics/profil-v2/assets/use-id-CBFaeZXz.js]
[cdn.digitaldesa.com/statics/profil-v2/assets/use-merged-ref-BJm5sttg.js]
[cdn.digitaldesa.com/statics/profil-v2/assets/InputBase-SQZWneMs.js]
[cdn.digitaldesa.com/statics/profil-v2/assets/index-DBv3gr79.js]
[cdn.digitaldesa.com/statics/profil-v2/assets/createReactComponent-DG7S5Nwq.js]
[cdn.digitaldesa.com/statics/profil-v2/assets/CloseButton-DYsjEncr.js]
[cdn.digitaldesa.com/statics/profil-v2/assets/use-uncontrolled-DgPl9ViR.js]
[cdn.digitaldesa.com/statics/profil-v2/assets/TextInput-DqogbkcB.js]
[cdn.digitaldesa.com/statics/profil-v2/assets/rest-DqyJZLYy.js]
[cdn.digitaldesa.com/statics/profil-v2/assets/assets-CxF-pwe_.js]
[cdn.digitaldesa.com/statics/profil-v2/assets/typebox-IbAxDOFt.js]
[cdn.digitaldesa.com/statics/profil-v2/assets/DirectionProvider-CZrhDgZ9.js]
[cdn.digitaldesa.com/statics/profil-v2/assets/create-safe-context-jSuPt_P6.js]
[cdn.digitaldesa.com/statics/profil-v2/assets/get-default-z-index-CUjKoHex.js]
[cdn.digitaldesa.com/statics/profil-v2/assets/use-floating-auto-update-DnPUizLK.js]
[cdn.digitaldesa.com/statics/profil-v2/assets/OptionalPortal-BEqzClLW.js]
[cdn.digitaldesa.com/statics/profil-v2/assets/ScrollArea-BeLeXkg2.js]
[cdn.digitaldesa.com/statics/profil-v2/assets/Paper-ByWL7EOS.js]
[cdn.digitaldesa.com/statics/profil-v2/assets/Overlay-USiVd4QA.js]
[cdn.digitaldesa.com/statics/profil-v2/assets/tslib.es6-DPLsjc5m.js]
[cdn.digitaldesa.com/statics/profil-v2/assets/use-window-event-GzRQC4Pl.js]
[cdn.digitaldesa.com/statics/profil-v2/assets/create-scoped-keydown-handler-DsNfVizA.js]
[cdn.digitaldesa.com/statics/profil-v2/assets/AccordionChevron-Cbiw1tIz.js]
[cdn.digitaldesa.com/statics/profil-v2/assets/get-style-object-DUJZA7T_.js]
[cdn.digitaldesa.com/statics/profil-v2/assets/get-base-value-BwMQOHSn.js]
[cdn.digitaldesa.com/statics/profil-v2/assets/chunk-SDEJ2M24-C_79UvIO.js]
[cdn.digitaldesa.com/statics/profil-v2/assets/rest-BBPBUrcN.js]
[cdn.digitaldesa.com/statics/profil-v2/assets/vars-B3G_A55N.js]
[cdn.digitaldesa.com/statics/profil-v2/assets/clamp-DTmYCdls.js]
[cdn.digitaldesa.com/statics/profil-v2/assets/Anchor-BDChF9B4.js]
[cdn.digitaldesa.com/statics/profil-v2/assets/Select-q4vtH3o8.js]
[cdn.digitaldesa.com/statics/profil-v2/assets/use-browser-layout-effect-CLHVkogw.js]
[cdn.digitaldesa.com/statics/profil-v2/assets/LoadingOverlay-duN2lep6.js]
[cdn.digitaldesa.com/statics/profil-v2/assets/profile-Cz4qby_c.js]
[cdn.digitaldesa.com/statics/profil-v2/assets/stats-DjCODqlz.js]
[cdn.digitaldesa.com/statics/profil-v2/assets/geojson-utils-b0n4j1Op.js]
[cdn.digitaldesa.com/statics/profil-v2/assets/intl-DWyoUv85.js]
[cdn.digitaldesa.com/statics/profil-v2/assets/Card-DTVDt0jF.js]
[cdn.digitaldesa.com/statics/profil-v2/assets/IconHome-DYujAcsf.js]
[cdn.digitaldesa.com/statics/profil-v2/assets/Accordion-DCUvjUJi.js]
[cdn.digitaldesa.com/statics/profil-v2/assets/SimpleGrid-i9gn1cTf.js]
[cdn.digitaldesa.com/statics/profil-v2/assets/IconPhone-BOyNJmdm.js]
[cdn.digitaldesa.com/statics/profil-v2/assets/List-uDqDJgAO.js]
[cdn.digitaldesa.com/statics/profil-v2/assets/IconClock-CvFi97kF.js]
[cdn.digitaldesa.com/statics/profil-v2/assets/IconBrandX-BxKmVGFY.js]
[cdn.digitaldesa.com/statics/profil-v2/assets/ActionIcon-CPIfrngI.js]
[cdn.digitaldesa.com/statics/profil-v2/assets/Space-CHVQsY9d.js]
[cdn.digitaldesa.com/statics/profil-v2/assets/Grid-HfbMWT1B.js]
[cdn.digitaldesa.com/statics/profil-v2/assets/data-CzLNwLPR.js]
[cdn.digitaldesa.com/statics/profil-v2/assets/Divider-D3GASQ4J.js]
[cdn.digitaldesa.com/statics/profil-v2/assets/data-CT1sX_Ze.js]
[cdn.digitaldesa.com/statics/profil-v2/assets/route-CkSKBIcw.js]
[cdn.digitaldesa.com/statics/profil-v2/assets/IconArrowRight-C8cXQuKT.js]
[cdn.digitaldesa.com/statics/profil-v2/assets/date-DZDdvIcB.js]
[cdn.digitaldesa.com/statics/profil-v2/assets/string-strip-html.esm-ChUPuy61.js]
[cdn.digitaldesa.com/statics/profil-v2/assets/AspectRatio-CXJhr6qa.js]
[cdn.digitaldesa.com/statics/profil-v2/assets/Carousel-CQBuA9Hf.js]
[cdn.digitaldesa.com/statics/profil-v2/assets/marketplace-CJ4qS0s5.js]
[cdn.digitaldesa.com/statics/profil-v2/assets/PageNavigation-CfgmkjJx.js]
[cdn.digitaldesa.com/statics/profil-v2/assets/css-utils-Besm3d-a.js]
[cdn.digitaldesa.com/statics/profil-v2/assets/date-CIaFKzx_.js]
[cdn.digitaldesa.com/statics/profil-v2/assets/Avatar-Dg7oIjsn.js]
[cdn.digitaldesa.com/statics/profil-v2/assets/url-join-BB64Mf9Y.js]
[cdn.digitaldesa.com/statics/profil-v2/assets/Tooltip-BXhw4mCq.js]
[cdn.digitaldesa.com/statics/profil-v2/assets/PageContainer-B21IHZsm.js]
[cdn.digitaldesa.com/statics/profil-v2/assets/Spacer-DsdICkfh.js]
[amandete.digitaldesa.id/belanja/74786913/keripik-pisang.html]
[cdn.digitaldesa.com/statics/profil-v2/assets/ErrorSimple-CKLW1QS4.css]
[cdn.digitaldesa.com/statics/profil-v2/assets/root-DNBMDKXY.css]
[cdn.digitaldesa.com/statics/profil-v2/assets/route-CGCfqn99.js]
[cdn.digitaldesa.com/statics/profil-v2/assets/lg-C7ze34MHb687.woff2]
[cdn.digitaldesa.com/statics/profil-v2/assets/route-e3ERdmUd.css]
[cdn.digitaldesa.com/statics/profil-v2/assets/Spacer-DVQ1uAq7.css]
[cdn.digitaldesa.com/statics/profil-v2/assets/route-DFuv47L8.css]
